a-api.anthropic.com
a-cdn.anthropic.com
ab.chatgpt.com
academy.make.com
academy4makers.make.com
account-api.protonmail.com
account.proton.me
account.protonmail.com
acctcdnmsftuswe2.azureedge.net
acctcdnvzeuno.azureedge.net
admin-oauth.make.com
admin.make.com
android.chat.openai.com
anthropic.com
api-iam.intercom.io
api.anthropic.com
api.claude.ai
api.console.anthropic.com
api.deepl.com
api.elevenlabs.io
api.gcs.garmin.com
api.github.com
api.githubcopilot.com
api.notion.com
api.openai.com
api.x.ai
app-academy.make.com
app.test.tuta.com
app.tuta.com
apps-release-manager.make.com
apps.canva-apps.com
apps.make.com
arena.openai.com
asia-south1-livekit.grok.com
assets.grok.com
assets.production.linktr.ee
assets.trainingpeaks.com
assets.x.ai
auth.linktr.ee
auth.openai.com
auth0.openai.com
beta.api.openai.com
beta.openai.com
blog.openai.com
blog.strava.com
bot.proxyline.net
browser.events.data.microsoft.com
business.strava.com
c.strava.com
calendar-api.notion.so
calendar.notion.so
canva.com
cdn-1.strava.com
cdn-client.medium.com
cdn.make.com
cdn.oaistatic.com
cdn.openai.com
cdn.sapphire.microsoftapp.net
cdn.zapier.com
central.zapier.com
cerebro.eu1.make.com
cerebro.eu2.make.com
cerebro.make.com
cerebro.us1.make.com
cerebro.us2.make.com
cerebro.we.make.com
certman-make.make.com
certman.make.com
chat.openai.com
chatbots.vercel.zapier.com
chatgpt.com
chunk-composing.canva.com
claude.ai
claudeusercontent.com
clearance.deepl.com
community-auth.deepl.com
community.make.com
community.openai.com
communityhub.strava.com
connect.garmin.com
connectapi.garmin.com
console.anthropic.com
console.x.ai
contest.openai.com
copilot-proxy.githubusercontent.com
copilot-telemetry.githubusercontent.com
copilot.microsoft.com
ct.canva.com
d.docs.live.net
dam.strava.com
data.x.ai
debate-game.openai.com
deepl.com
deferred-chat.x.ai
design-system-bff.zapier.com
dev.grid.make.com
dev.proxyline.net
dev.strava.com
developers.deepl.com
developers.make.com
dict-audio.deepl.com
discuss.openai.com
docs.make.com
docs.x.ai
document-export.canva.com
downloads.intercomcdn.com
dual-a-0001.a-msedge.net
eagle.sapphire.microsoftapp.net
edge.microsoft.com
edge.website.production.linktr.ee
edgeservices.bing.com
eleven-public-cdn.elevenlabs.io
elevenlabs.io
email.strava.com
email1.strava.com
errortracking.deepl.com
eu-west-1.api.x.ai
eu.grid.make.com
eu1.make.com
eu2.make.com
exp.notion.so
experimentation-grpc.deepl.com
experimentation.deepl.com
f.make.com
feedcdn.sapphire.microsoftapp.net
file.notion.so
files.oaiusercontent.com
font-public.canva.com
fonts.zapier.com
fpt2.microsoft.com
gateway.bingviz.microsoftapp.net
ghs.connect.garmin.com
githubcopilot.com
glyph.medium.com
gpt3-openai.com
graph.linktr.ee
graphql.strava.com
grok.com
grok.x.ai
gtm.deepl.com
gym.openai.com
hellonotion.com
help.elevenlabs.io
help.make.com
help.openai.com
help.trainingpeaks.com
home.deepl.com
hook.eu1.make.com
hook.eu2.make.com
hook.us1.make.com
hook.us2.make.com
hook.we.make.com
hs.deepl.com
http-inputs-notion.splunkcloud.com
identity-6umc0oc9j.vercel.zapier-deployment.com
identity.notion.so
images.prismic.io
img.notionusercontent.com
imgen.x.ai
in.appcenter.ms
info.make.com
info.notion.so
ingress.linktr.ee
interfaces.zapier.com
internal.deepl.com
interview.strava.com
ios.chat.openai.com
ipm.make.com
ipmc.make.com
ipme.make.com
ita-free.www.deepl.com
jf.x.ai
jobs.deepl.com
js.intercomcdn.com
jukebox.openai.com
kc3.connect.garmin.com
kibana.eu1.make.com
kibana.eu2.make.com
kibana.make.com
kibana.us1.make.com
kibana.us2.make.com
kibana.we.make.com
l.make.com
labs.openai.com
learn.make.com
lgincdnmsftuswe2.azureedge.net
lgincdnvzeuno.azureedge.net
license.make.com
links.email.trainingpeaks.com
links.strava.com
linktr.ee
livekit.grok.com
location.microsoft.com
login-wall.deepl.com
login.x.ai
logserver.proxyline.net
loop-dev.make.com
loop.make.com
mail.protonmail.com
mailhub.make.com
make-web-utils.make.com
make.com
makenotion.zendesk.com
media-public.canva.com
media.canva.com
medium.com
merch.make.com
messenger-apps.intercom.io
metro.strava.com
mfe-appearance.production.linktr.ee
mfe-grow.production.linktr.ee
mfe-mk-editor.production.linktr.ee
mfe-onboarding.production.linktr.ee
mi.strava.com
microscope.openai.com
migrate.make.com
miro.medium.com
mobile.events.data.microsoft.com
msgstore.www.notion.so
mta-sts.test.tuta.com
mta-sts.tuta.com
nevanga.medium.com
nexus-websocket-a.intercom.io
notepad-plus-plus.org
notion-emojis.s3-us-west-2.amazonaws.com
notion-media.com
notion.ai
notion.com
notion.dev
notion.site
notion.so
notionup.com
notionusercontent.com
oaistatic.com
oauth.trainingpeaks.com
omt.garmin.com
onboarding-1lynzuqa8.vercel.zapier-deployment.com
openai.com
openai.fund
openai.org
ott.deepl.com
panel.proxyline.net
panel2.proxyline.net
partner-portal.make.com
partnerportal.make.com
partnertraining.make.com
pay.test.tuta.com
pay.tuta.com
payload.elevenlabs.io
platform.api.openai.com
platform.openai.com
platform.zapier.com
preferences.trainingpeaks.com
privacycenter.notion.so
private.eu1.make.com
private.eu2.make.com
private.make.com
private.us1.make.com
private.us2.make.com
private.we.make.com
prod.trainingpeaks.com
promo.strava.com
proton-me.cdn.prismic.io
proton.me
protonmail.com
proxydb.proxyline.net
proxydbtest.proxyline.net
proxyline.net
reporting-8zdmhjmx0.vercel.zapier-deployment.com
s-cdn.anthropic.com
s.deepl.com
sapphire.api.microsoftapp.net
scim.strava.com
secure.notion-static.com
self.events.data.microsoft.com
services.bingapis.com
services.proxyline.net
shield.make.com
shop.strava.com
sl.deepl.com
slap.make.com
spinningup.openai.com
sportsbrandsvpn.internal.trainingpeaks.com
ssff.grok.com
staging.strava.com
static.canva.com
static.deepl.com
static.intercomassets.com
static.make.com
static.proxyline.net
statsig.anthropic.com
status.anthropic.com
status.make.com
status.notion.so
status.strava.com
status.tuta.com
status.x.ai
store.strava.com
stories.strava.com
strava.com
support.anthropic.com
support.deepl.com
support.strava.com
sydney.bing.com
tables.zapier.com
tablesui-7pvnp7qih.vercel.zapier-deployment.com
tcr9i.chat.openai.com
team-canvas-canvas-service-qfqtrsvlb.vercel.zapier-deployment.com
telemetry.canva.com
template.canva.com
templates-nm5usad5z.vercel.zapier-deployment.com
test.tuta.com
thirdparty-public-apps-media.canva-apps.com
tpapi.trainingpeaks.com
trainingpeaks.com
transcription.grok-v2.x.ai
trk.trainingpeaks.com
trust.x.ai
try.elevenlabs.io
tuta.com
tutanota.com
typeahead.grok.com
ugc.production.linktr.ee
universe.openai.com
university.trainingpeaks.com
us-east-1.api.x.ai
us-east-4-raw.api.x.ai
us-south-1-pltr.api.x.ai
us-west-1-raw.api.x.ai
us-west-1.api.x.ai
us.grid.make.com
us1.make.com
us2.make.com
userdata.trainingpeaks.com
w.deepl.com
w1.api.test.tuta.com
w10.api.tuta.com
w11.api.tuta.com
w12.api.tuta.com
w13.api.tuta.com
w14.api.tuta.com
w15.api.tuta.com
w16.api.tuta.com
w2.api.test.tuta.com
w3.api.test.tuta.com
w4.api.test.tuta.com
w5.api.test.tuta.com
w6.api.test.tuta.com
w7.api.test.tuta.com
w8.api.test.tuta.com
w9.api.tuta.com
watch.samsung.strava.com
we.grid.make.com
we.make.com
webrtc.chatgpt.com
widget.intercom.io
wingman.make.com
www.anthropic.com
www.api-documentation-dev.make.com
www.api-documentation.make.com
www.blog.strava.com
www.bot.proxyline.net
www.business.strava.com
www.canva.com
www.chatgpt.com
www.claude.ai
www.claudeusercontent.com
www.deepl.com
www.dev.proxyline.net
www.elevenlabs.io
www.grok.com
www.intercom.io
www.linktr.ee
www.make.com
www.medium.com
www.metro.strava.com
www.notepad-plus-plus.org
www.notion.com
www.notion.so
www.openai.com
www.promo.strava.com
www.proton.me
www.protonmail.com
www.proxyline.net
www.strava.com
www.trainingpeaks.com
www.tuta.com
www.web-utils.make.com
www.x.ai
www.zapier-deployment.com
www.zapier.com
www2.deepl.com
zapier-deployment.com
zapier.com
