.ua
10minutemail.com
1337x.to
24.kg
2ip.ru
4freerussia.org
4pda.to
4pna.com
5sim.net
6191d772724bf69ccf0ec943ff6aa114.safeframe.googlesyndication.com
7cf9d41d51b4e8858a94b0955c3be65d.safeframe.googlesyndication.com
7dniv.rv.ua
7tv.app
7tv.io
9tv.co.il
a.a47b.com
aam.a47b.com
aax-eu.amazon-adsystem.com
aax.amazon-adsystem.com
abercrombie.com
abook-club.ru
academy.terrasoft.ua
acdn.adnxs.com
activatica.org
ad.360yield.com
ad.doubleclick.net
adguard.com
adidas.com
adminforge.de
adobe.com
ads-twitter.com
ads.pubmatic.com
ade.googlesyndication.com
adultmult.tv
agents.media
ag.innovid.com
ahrefs.com
ai-chat.bsg.brave.com
ai.com
ai.google.dev
aistudio.google.com
alkalimakersuite-pa.clients6.google.com
allegro.pl
alphacoders.com
alza.hu
amazfitwatchfaces.com
amdm.ru
amedia.site
amnezia.org
ams3-ib.adnxs.com
amx.com
analog.com
analytics.google.com
anidub.com
anilibria.tv
anilibria.uno
animaunt.org
anime-portal.su
animebest.org
animedia.tv
animego.org
animespirit.ru
anistar.org
anistars.ru
annas-archive.org
anthropic.com
aol.com
api.google
api.service-kp.com
api.theins.info
api.themoviedb.org
apis.google.com
arbat.media
archive.ph
archiveofourown.org
as6723.net
assets.heroku.com
atn.ua
att.com
attachments.f95zone.to
autodesk.com
avira.com
azathabar.com
azattyq.org
b.cdnst.net
babook.org
baginya.org
baikal-journal.ru
bato.to
bba83d07d2eedb350195c5ca5b516b61.safeframe.googlesyndication.com
bbc.co.uk
bbc.com
bbci.co.uk
bcbits.com
bee.imrworldwide.com
bell-sw.com
bellingcat.com
bestbuy.com
bestchange.ru
bh.contextweb.com
bihus.info
bitdefender.com
blackseanews.net
blinkshot.io
bluehost.com
booktracker.org
booth.pm
booth.pximg.net
botnadzor.org
brawlstarsgame.com
broadcom.com
broncosportforum.com
btdig.com
btlr.sharethrough.com
btod.com
buanzo.org
buf.build
builds.parsec.app
buymeacoffee.com
byteoversea.com
c.amazon-adsystem.com
c21lg-d.media.net
c2shb.pubgw.yahoo.com
canva.com
canva.dev
capi.connatix.com
capacitorjs.com
capcut.com
carnegieendowment.org
carrefouruae.com
cats.com
cbilling.eu
cbilling.vip
cdn-gl.imrworldwide.com
cdn.adnxs.com
cdn.ampproject.org
cdn.cookielaw.org
cdn.doubleverify.com
cdn.hadronid.net
cdn.id5-sync.com
cdn.jsdelivr.net
cdn.pathtosuccess.global
cdn.static.zdbb.net
cdn.web-platform.io
cdn.ziffstatic.com
cdnbunny.org
cdninstagram.com
cdromance.org
cdw.com
ce.lijit.com
censortracker.org
chaos.com
chat.com
chat.openai.com.cdn.cloudflare.net
chatgpt.com
chaturbate.com
cherta.media
chess.com
cisco.com
clashofclans.com
clashroyaleapp.com
claude.ai
client.aps.amazon-adsystem.com
clients6.google.com
clickup.com
clip.opus.pro
cm.adgrx.com
cm.g.doubleclick.net
cms-twdigitalassets.com
cnd2exp.online
cock.li
code.createjs.com
codeium.com
coingate.com
coinpayments.net
coinsbee.com
coldfilm.xyz
colta.ru
community.sophos.com
config.aps.amazon-adsystem.com
contabo.com
content.googleapis.com
contextual.media.net
coomer.su
copilot.microsoft.com
corsair.com
coursera.org
cpu-monkey.com
credly.com
crunchyroll.com
cs.admanmedia.com
csskor.ill.in.ua
cub.red
currenttime.tv
cursorinfo.co.il
cvedetails.com
cyberghostvpn.com
cyxymu.info
d0.eu-3-id5-sync.com
d0.eu-4-id5-sync.com
d1.eu-3-id5-sync.com
d1.eu-4-id5-sync.com
d2.eu-3-id5-sync.com
d2.eu-4-id5-sync.com
d3.eu-3-id5-sync.com
d3.eu-4-id5-sync.com
d4.eu-3-id5-sync.com
d4.eu-4-id5-sync.com
d5.eu-3-id5-sync.com
d5.eu-4-id5-sync.com
d5p.de17a.com
d6.eu-3-id5-sync.com
d6.eu-4-id5-sync.com
d7.eu-3-id5-sync.com
d7.eu-4-id5-sync.com
d71c0bc616b4beed9945812a3ee6e093.safeframe.googlesyndication.com
daemon-tools.cc
danbooru.donmai.us
data-cdn.mbamupdates.com
decrypt.day
deepstatemap.live
delfi.lt
delfi.lv
dell.com
dellcdn.com
depositphotos.com
designer.microsoft.com
designify.com
developer.nvidia.com
deviantart.com
diffuser-cdn.app-us1.com
digikey.com
digitalcontent.sky
digitalocean.com
discours.io
disctech.com
docs.liquibase.com
dorama.live
doramalive.ru
doramy.club
dovod.online
download3.omnissa.com
doxa.team
dpidetector.org
dreamhost.com
dsum-sec.casalemedia.com
ducati.com
dw.com
e621.net
echofm.online
edu-cisco.org
ef.com
ef.edu
eggertspiele.de
ej.ru
ekhokavkaza.com
element14.com
elevenlabs.io
encrypted-tbn0.gstatic.com
encrypted-tbn1.gstatic.com
encrypted-tbn2.gstatic.com
ep1.adtrafficquality.google
ep2.adtrafficquality.google
epidemz.net.co
etsy.com
euc-ice.360yield.com
euronews.com
euroradio.fm
eus.rubiconproject.com
eutrp.eu
euw-ice.360yield.com
everand.com
exler.ru
expres.online
extremetech.com
f1.com
f95-zone.to
facebook.com
facebook.net
fast-torrent.club
fast.com
fastlane.rubiconproject.com
fb.com
fbcdn.net
fbsbx.com
ffqlnna2m6hnvcwk7hffyhal0wso31744197455.nuid.imrworldwide.com
ficbook.net
filmitorrent.net
filmix.ac
filmix.biz
filmix.day
filmix.fm
filmix.la
firebaseremoteconfig.googleapis.com
fledge.eu.criteo.com
flibusta.is
flibusta.net
flipboard.com
flir.com
flir.eu
flourish.studio
fls.guru
fluke.com
flukenetworks.com
fn-volga.ru
fonge.org
fonts.googleapis.com
fonts.gstatic.com
footballapi.pulselive.com
force-user-content.com
force.com
forklog.com
formula1.com
fortanga.org
forum.netgate.com
forum.ru-board.com
foxnews.com
framer.com
freedomletters.org
freeimages.com
freemedia.io
fundingchoicesmessages.google.com
gagadget.com
gamedistribution.com
gamesrepack.com
gaming.amazon.com
gdb.rferl.org
geforcenow.com
gelbooru.com
gemini.google.com
genspark.ai
geolocation.onetrust.com
germania.one
getoutline.com
getoutline.org
gfn.am
ggpht.com
ghostrc.game.idtech.services
global.fncstatic.com
glpals.com
godaddy.com
gofile.io
gofundme.com
golosameriki.com
gonitro.com
goodreads.com
google.com
google.fr
google.ru
googleads.g.doubleclick.net
googleads4.g.doubleclick.net
googleusercontent.com
gpsonextra.net
gr-assets.com
grafana.com
grani.ru
graty.me
graylog.org
grid-bidder.criteo.com
grok.com
groq.com
groupon.com
gstatic.com
gulagu.net
gum.criteo.com
gurgle.speedtest.net
habr.com
hackernoon.com
hackmd.io
halooglasi.com
hashicorp.com
hbopenbid.pubmatic.com
hdkinoteatr.com
hdrezka.ac
hdrezka.ag
hdrezka.me
healthline.com
hentai-foundry.com
herokucdn.com
hetzner.com
hollisterco.com
holod.media
home-connect.com
hostgator.com
hostinger.com
hotels.com
hqporner.com
hromadske.ua
hs.fi
htlb.casalemedia.com
htmhell.dev
i.sakh.com
ib.adnxs.com
ibm.com
ibytedtos.com
ice.360yield.com
id5-sync.com
idelreal.org
iedb.org
ig.me
ign.com
iherb.com
iichan.hk
ilook.tv
image.tmdb.org
image2.pubmatic.com
image6.pubmatic.com
important-stories.com
indiehackers.com
infineon.com
instagram.com
install.launcher.omniverse.nvidia.com
intel.com
intel.de
intel.nl
intelix.sophos.com
interactivebrokers.co.uk
interfax.com.ua
internalfb.com
intuit.com
intuitibits.com
ionos.com
ipac.ctnsnet.com
iptv.online
is.fi
istories.media
itninja.com
itsmycity.ru
jamf.com
jetbrains.com
jetbrains.space
jnn-pa.googleapis.com
jogger.zdbb.net
js-sec.indexww.com
js.monitor.azure.com
jskor.ill.in.ua
jut-su.net
jut.su
kaktus.media
kamatera.com
kara.su
kasparov.ru
kavkaz-uzel.eu
kavkazr.com
kemono.su
keysight.com
kino.pub
kinogo.ec
kinogo.la
kinogo.uk
kinovod.net
kinozal.guru
kinozal.tv
kmail-lists.com
knews.kg
knowyourmeme.com
kolsar.org
kor.ill.in.ua
korrespondent.net
kovcheg.live
krymr.com
kupujemprodajem.com
lambdalabs.com
lamcdn.net
lb.eu-1-id5-sync.com
ldoceonline.com
leafletjs.com
lh3.googleusercontent.com
libgen.li
licdn.com
lidarr.audio
lifehacker.com
lightning.ai
linear.app
linkedin.com
linktr.ee
livetv.sx
liveuamap.com
locals.md
lolz.guru
lookerstudio.google.com
lostfilm.tv
lostfilmtv2.site
lucid.app
mail-api.proton.me
mailfence.com
mailo.com
malwarebytes.com
mangadex.org
mangahub.ru
mangapark.net
map.go.affec.tv
mashable.com
match.360yield.com
match.adsrvr.org
match.prod.bidr.io
match.sharethrough.com
mattermost.com
mbk-news.appspot.com
mediazona.ca
medicalnewstoday.com
medium.com
meduza.io
megapeer.vip
merezha.co
meta.com
metacritic.com
metal-archives.com
metla.press
middlewareinventory.com
mignews.com
mixcloud.com
mongodb.com
monoprice.com
more.fm
moscowtimes.ru
mouser.fi
ms-cookie-sync.presage.io
mssg.me
mullvad.net
multporn.net
muscdn.com
musical.ly
mydoramy.club
myheritage.com
myjetbrains.com
navalny.com
nba.com
neformat.com.ua
neo4j.com
netflix.ca
netflix.com
netflix.net
netflixinvestor.com
netflixtechblog.com
netlify.com
networksolutions.com
newark.com
news.google.com
newsroom.porsche.com
newsru.co.il
newsru.com
newtimes.ru
nfl.com
nflxext.com
nflximg.com
nflximg.net
nflxsearch.net
nflxso.net
nflxvideo.net
ngrok.com
nhentai.com
nhl.com
nih.gov
nike.com
nippon.com
nitropdf.com
nnmclub.to
nnmstatic.win
nordvpn.com
notepad-plus-plus.org
notion-static.com
notion.com
notion.new
notion.site
notion.so
novaline.fm
novaya.no
novayagazeta.eu
novayagazeta.ru
ntc.party
ntp.msn.com
nxp.com
oaistatic.com
oaiusercontent.com
ocstore.com
oculus.com
ohmyswift.ru
oi.legal
okx.com
olx.ua
omnissa.com
omv-extras.org
onfastspring.com
onlinesim.io
onshape.com
openai.com
openmedia.io
opensea.io
ookla-d.openx.net
ookla.lanetcie.net
ooklaserver.net
opposition-news.com
oracle.com
ovd.info
ovd.legal
ovd.news
ovdinfo.org
ozodi.org
pa.openx.net
pagead2.googlesyndication.com
pages.dev
pap.pl
paperpaper.io
paperpaper.ru
par1speedtest01.skylogic.com
patreon.com
patriot.dp.ua
pcgamesn.com
pcmag.com
people-pa.clients6.google.com
periscope.tv
pexels.com
phncdn.com
phncdn.com.sds.rncdn7.com
pimpletv.ru
pingdom.com
piratbit.top
pixel.rubiconproject.com
pkgs.tailscale.com
platform.activestate.com
play.google.com
playboy.com
plugshare.com
polit.ru
politico.eu
politiken.dk
polymarket.com
pornhub.com
pornhub.org
pornolab.net
portal.lviv.ua
posle.media
postimees.ee
pravda.com
pravda.com.ua
prebid.a-mo.net
prebid.media.net
premierleague.com
primevideo.com
prism.app-us1.com
privatekeys.pw
prnt.sc
proactivebackend-pa.googleapis.com
proekt.media
prosleduetmedia.com
prostovpn.org
proton.me
protonvpn.com
provereno.media
prowlarr.com
pscp.tv
psiphon.ca
public.parsec.app
px.ads.linkedin.com
qt.io
quickconnect.to
quora.com
quora.com.cdn.cloudflare.net
r4.err.ee
radiosakharov.org
radiosvoboda.org
rbc.ua
reactflow.dev
realist.online
recraft.ai
reddxxx.com
redgifs.com
redis.io
redshieldvpn.com
region1.analytics.google.com
region1.google-analytics.com
remna.st
remove.bg
render-state.to
rentry.co
rentry.org
republic.ru
research.net
returnyoutubedislikeapi.com
reve.art
rezka.ag
rezka.my
rezkify.com
rezonans.media
rf.dobrochan.net
riperam.org
roar-review.com
root-nation.com
rtb-csync.smartadserver.com
rtb.openx.net
rtb0.doubleverify.com
rtbc-ew1.doubleverify.com
rublacklist.net
rule34.art
rus.delfi.ee
rus.jauns.lv
rutor.info
rutor.is
rutor.org
rutracker.cc
rutracker.net
rutracker.org
rutracker.wiki
s.ad.smaato.net
s.amazon-adsystem.com
s.dpmsrv.com
s0.2mdn.net
sakhalin.info
sakharovfoundation.org
salesforce-experience.com
salesforce-hub.com
salesforce-scrt.com
salesforce-setup.com
salesforce-sites.com
salesforce.com
salesforceiq.com
salesforceliveagent.com
sap.com
saverudata.net
sb.scorecardresearch.com
sci-hub.se
sci-hub.st
sdxcentral.com
seasonvar.ru
secure-us.imrworldwide.com
securepubads.g.doubleclick.net
selezen.org
semnasem.org
sentry.io
sephora.com
servarr.com
severreal.org
sfdcopens.com
shikimori.me
shinyhardware.co.uk
shiza-project.com
shop.gameloft.com
showip.net
sibreal.org
signal.org
simage2.pubmatic.com
simplex.chat
simplex.im
simplix.info
singlekey-id.com
site.com
skat.media
sketchup.com
skiff.com
skladchik.com
sklatchiki.ru
sky.com
skycdp.com
slashlib.me
slavicsac.com
smartbear.co
smartbear.com
smartdeploy.com
snort.org
snyk.io
sobesednik.com
solarwinds.com
sora.com
soundcloud.com
sovetromantica.com
sp1.asthriona.com.prod.hosts.ooklaserver.net
spacelift.io
speedtest.lekloud.net.prod.hosts.ooklaserver.net
speedtest.net
speedtest.pa5.as198831.net
speedtest.sewan.fr
speedtest.telerys.net
speedtest.whiteprovider.net.prod.hosts.ooklaserver.net
speedtest-ookla-par.as62000.net.prod.hosts.ooklaserver.net
speedtest-prs.vts.bf.prod.hosts.ooklaserver.net
spektr.press
spitfireaudio.com
spotify.com
spreadthesign.com
sputnikipogrom.com
squadbustersgame.com
squareup.com
squietpc.com
ssbsync.smartadserver.com
ssc-cms.33across.com
ssp-sync.criteo.com
ssp.api.tappx.com
static.2ip.io
static.cloudflareinsights.com
static.criteo.net
static.lostfilm.top
statology.org
steamstat.info
strana.news
strana.today
strava.com
suggestqueries.google.com
supercell.com
support.xerox.com
surfshark.com
surveymonkey.com
suspilne.media
svidomi.in.ua
svoboda.org
svoi.kr.ua
svtv.org
swagger.io
swissinfo.ch
sync.1rx.io
sync.clearnview.com
sync.e-volution.ai
sync.go.sonobi.com
sync.richaudience.com
sync.targeting.unrulymedia.com
sync.teads.tv
synoforum.com
t.6sc.co
t.co
tableau.com
tags.crwdcntrl.net
talosintelligence.com
tayga.info
td.doubleclick.net
te-st.org
teamviewer.com
telegraf.by
telegraf.news
telegraph.co.uk
telemetr.io
tellapart.com
tempmail.plus
temu.com
terraform.io
the-village.ru
theaudiodb.com
thebarentsobserver.com
thebell.io
theins.press
theins.ru
themoviedb.org
thetruestory.news
threads.net
threema.ch
ti.com
tidal.com
tik-tokapi.com
tiktok.com
tiktokcdn-eu.com
tiktokcdn-us.com
tiktokcdn.com
tiktokd.net
tiktokd.org
tiktokv.com
tiktokv.us
tiktokw.us
timberland.de
tmdb-image-prod.b-cdn.net
tmdb.com
tmdb.org
token.rubiconproject.com
torrenteditor.com
torrentgalaxy.to
tpc.googlesyndication.com
tps.doubleverify.com
tpsc-ew1.doubleverify.com
trackcmp.net
tracker.samplicio.us
trailblazer.me
trailhead.com
trellix.com
trueblackmetalradio.com
tsmc.com
ttwstatic.com
turbobit.net
tuta.com
tuta.io
tutanota.com
tvfreedom.io
tvrain.ru
tvrain.tv
tweetdeck.com
twimg.com
twirpx.com
twitpic.com
twitter.biz
twitter.com
twitter.jp
twittercommunity.com
twitterflightschool.com
twitterinc.com
twitteroauth.com
twitterstat.us
twtrdns.net
twttr.com
twttr.net
twvid.com
typing.com
u.openx.net
uaudio.com
ui.ill.in.ua
ukr.net
ukr.radio
ukrtelcdn.net
unian.ua
unscreen.com
upwork.com
us-u.openx.net
usa.one
vagrantcloud.com
veeam.com
verstka.media
vesma.one
vesma.today
vesty.co.il
vice.com
vine.co
vipergirls.to
visualcapitalist.com
vmware.com
vndb.org
voanews.com
voidboost.cc
volkswagen-classic-parts.com
vot-tak.tv
vpngate.net
vpngen.org
vpnlove.me
vpnpay.io
w.atwiki.jp
waa-pa.clients6.google.com
walmart.com
watermarkremover.io
weather.com
webnames.ca
webtoons.com
weebly.com
welt.de
westus2-2.in.applicationinsights.azure.com
widgetapp.stream
wiki.fextralife.com
wikidot.com
wilsoncenter.org
windows10spotlight.com
wonderzine.com
wpengine.com
www.google-analytics.com
www.google.com
www.google.fr
www.google.ru
www.googleadservices.com
www.googletagmanager.com
www.googletagservices.com
www.gstatic.com
www.genspark.ai
www.speedtest.net
www3.corsair.com
x.ai
x.bidswitch.net
x.com
xhamster.com
xhamsterlive.com
xsts.auth.xboxlive.com
xtracloud.net
xv-ru.com
xvideos.com
yle.fi
yummyani.me
zahav.ru
zapier.com
zbigz.com
zdbb.net
zedge.net
zendesk.com
zerkalo.io
zona.media
