3b92cc61-de74-40bc-aa1b-8e320c15508b.ams-static-14.cdntogo.net
3ca02ace-9c82-11eb-9ce3-04d4c439219f.ams-static-03.cdntogo.net
86feaca6-c052-436f-8b78-99cea0ec1571.ams-static-02.cdntogo.net
acheron.femeretes.org
acheron.stream.voidboost.cc
anteros.femeretes.org
anteros.stream.voidboost.cc
apollo.femeretes.org
apollo.stream.voidboost.cc
aquila.femeretes.org
aquila.stream.voidboost.cc
argon.femeretes.org
athens.femeretes.org
atlas.femeretes.org
atlas.stream.voidboost.cc
aurum.femeretes.org
aurum.stream.voidboost.cc
baator.femeretes.org
baator.stream.voidboost.cc
bbs.femeretes.org
bbs.stream.voidboost.cc
bingo.femeretes.org
blitz.femeretes.org
blue.femeretes.org
blue.stream.voidboost.cc
bytopia.femeretes.org
bytopia.stream.voidboost.cc
cdn32.lol
celestia.femeretes.org
celestia.stream.voidboost.cc
centaurus.femeretes.org
centaurus.stream.voidboost.cc
cobra.femeretes.org
coliseum.femeretes.org
coliseum.stream.voidboost.cc
cometa.femeretes.org
consul.femeretes.org
consul.stream.voidboost.cc
corvus.femeretes.org
corvus.stream.voidboost.cc
delta.femeretes.org
delta.stream.voidboost.cc
druid.femeretes.org
druid.stream.voidboost.cc
dysprosium.femeretes.org
eclipse.femeretes.org
eclipse.stream.voidboost.cc
elvis.femeretes.org
elvis.stream.voidboost.cc
elysium.femeretes.org
elysium.stream.voidboost.cc
ember.femeretes.org
enigma.femeretes.org
explorer.femeretes.org
explorer.stream.voidboost.cc
falcon.femeretes.org
falcon.stream.voidboost.cc
fiber.femeretes.org
fiber.stream.voidboost.cc
filmix.biz
filmix.fm
fingerium.femeretes.org
flash.femeretes.org
flerovium.femeretes.org
flerovium.stream.voidboost.cc
flora.femeretes.org
fractal.femeretes.org
francium.femeretes.org
gadolinium.femeretes.org
gamma.femeretes.org
gamma.stream.voidboost.cc
green.femeretes.org
hammer.femeretes.org
hammer.stream.voidboost.cc
harmony.femeretes.org
hdrezka.ac
hdrezka.ag
hdrezka.cm
hydrus.femeretes.org
hydrus.stream.voidboost.cc
indigo.femeretes.org
iridium.femeretes.org
jointinum.femeretes.org
jointinum.stream.voidboost.cc
jupiter.femeretes.org
jupiter.stream.voidboost.cc
kino.pub
kinobase.org
kinovod.net
kinovod.pro
kurt.femeretes.org
kurt.stream.voidboost.cc
lacerta.femeretes.org
lacerta.stream.voidboost.cc
limbo.femeretes.org
limbo.stream.voidboost.cc
lipsium.femeretes.org
lipsium.stream.voidboost.cc
loki.femeretes.org
lostfilm.run
lostfilm.tv
lostfilm.win
louvre.femeretes.org
louvre.stream.voidboost.cc
lutetium.femeretes.org
lutetium.stream.voidboost.cc
lynx.femeretes.org
lynx.stream.voidboost.cc
magic.femeretes.org
matrix.femeretes.org
maxima.femeretes.org
maxima.stream.voidboost.cc
mercury.femeretes.org
mercury.stream.voidboost.cc
milanium.femeretes.org
milanium.stream.voidboost.cc
monoceros.femeretes.org
monoceros.stream.voidboost.cc
mystic.femeretes.org
mystic.stream.voidboost.cc
nailium.femeretes.org
nailium.stream.voidboost.cc
neon.femeretes.org
neon.stream.voidboost.cc
nexus.femeretes.org
nexus.stream.voidboost.cc
nika.femeretes.org
nika.stream.voidboost.cc
nirvana.femeretes.org
nova.femeretes.org
nuceria.femeretes.org
nuceria.stream.voidboost.cc
omega.femeretes.org
omega.stream.voidboost.cc
orange.femeretes.org
osmium.femeretes.org
osmium.stream.voidboost.cc
ozzy.femeretes.org
ozzy.stream.voidboost.cc
pe.femeretes.org
pe.stream.voidboost.cc
pegasus.femeretes.org
pegasus.stream.voidboost.cc
phantom.femeretes.org
phantom.stream.voidboost.cc
phoenix.femeretes.org
phoenix.stream.voidboost.cc
phosphorus.femeretes.org
platinum.femeretes.org
platinum.stream.voidboost.cc
polaris.femeretes.org
polaris.stream.voidboost.cc
potassium.femeretes.org
prism.femeretes.org
prism.stream.voidboost.cc
proton.femeretes.org
proton.stream.voidboost.cc
pulse.femeretes.org
pulse.stream.voidboost.cc
radium.femeretes.org
radium.stream.voidboost.cc
ranger.femeretes.org
ranger.stream.voidboost.cc
red.femeretes.org
red.stream.voidboost.cc
relax.femeretes.org
relax.stream.voidboost.cc
rezka.ag
rezka.my
rezkify.com
sagitta.femeretes.org
sagitta.stream.voidboost.cc
saturn.femeretes.org
saturn.stream.voidboost.cc
scandium.femeretes.org
scorpius.femeretes.org
scorpius.stream.voidboost.cc
secret.femeretes.org
secret.stream.voidboost.cc
selenium.femeretes.org
selenium.stream.voidboost.cc
serpens.femeretes.org
shadow.femeretes.org
shadow.stream.voidboost.cc
sicarus.femeretes.org
sierra.femeretes.org
sierra.stream.voidboost.cc
silence.femeretes.org
silence.stream.voidboost.cc
skinium.femeretes.org
skinium.stream.voidboost.cc
skullium.femeretes.org
skullium.stream.voidboost.cc
srv.voidnetwork.cloud
st.kinobase.org
st.kinovod.net
static.hdrezka.ac
static.hdrezka.ag
static.voidboost.com
statichdrezka.ac
storm.femeretes.org
stream.voidboost.cc
stream.voidboost.in
strontium.femeretes.org
strontium.stream.voidboost.cc
terbium.femeretes.org
thallium.femeretes.org
thallium.stream.voidboost.cc
thumbs.filmix.fm
tornado.stream.voidboost.cc
turbo.femeretes.org
ununbium.femeretes.org
ununbium.stream.voidboost.cc
vegas.femeretes.org
venus.stream.voidboost.cc
vespene.stream.voidboost.cc
viking.femeretes.org
viking.stream.voidboost.in
voidboost.cc
web01.stream.voidboost.cc
web02.stream.voidboost.cc
www.femeretes.org
www.filmix.biz
www.filmix.fm
www.hdrezka.ac
www.hdrezka.ag
www.hdrezka.cm
www.kino.pub
www.kinobase.org
www.kinovod.net
www.kinovod.pro
www.lostfilm.run
www.lostfilm.tv
www.lostfilm.win
www.rezka.ag
www.serv01001.xyz
www.stream.voidboost.cc
www.zeflix.online
www.zetimage.net
yttrium.femeretes.org
zeflix.online
zetimage.net
zigzag.femeretes.org
